**********************
Windows PowerShell transcript start
Start time: 20231027113604
Username: DESKTOP-JRRV5L7\purab
RunAs User: DESKTOP-JRRV5L7\purab
Configuration Name: 
Machine: DESKTOP-JRRV5L7 (Microsoft Windows NT 10.0.19045.0)
Host Application: C:\Windows\System32\WindowsPowerShell\v1.0\powershell.exe -noexit -command try { . "c:\Users\purab\AppData\Local\Programs\Microsoft VS Code\resources\app\out\vs\workbench\contrib\terminal\browser\media\shellIntegration.ps1" } catch {}
Process ID: 12588
PSVersion: 5.1.19041.3031
PSEdition: Desktop
PSCompatibleVersions: 1.0, 2.0, 3.0, 4.0, 5.0, 5.1.19041.3031
BuildVersion: 10.0.19041.3031
CLRVersion: 4.0.30319.42000
WSManStackVersion: 3.0
PSRemotingProtocolVersion: 2.3
SerializationVersion: 1.1.0.1
**********************
Transcript started, output file is c:\Users\purab\github-classroom\FPC-advanced\fpc-advanced-classroom-1st-year-assignment-Purab-singh\set02\problem01_session.txt
PS C:\Users\purab\github-classroom\FPC-advanced\fpc-advanced-classroom-1st-year-assignment-Purab-singh> cd set02
PS C:\Users\purab\github-classroom\FPC-advanced\fpc-advanced-classroom-1st-year-assignment-Purab-singh\set02> gdb probelm01

PS C:\Users\purab\github-classroom\FPC-advanced\fpc-advanced-classroom-1st-year-assignment-Purab-singh\set02> problem 01
problem : The term 'problem' is not recognized as the name of a cmdlet, function, script file, or operable program. 
Check the spelling of the name, or if a path was included, verify that the path is correct and try again.
At line:1 char:1
+ problem 01
+ ~~~~~~~
    + CategoryInfo          : ObjectNotFound: (problem:String) [], CommandNotFoundException
    + FullyQualifiedErrorId : CommandNotFoundException
problem : The term 'problem' is not recognized as the name of a cmdlet, function, script file, or operable
program. Check the spelling of the name, or if a path was included, verify that the path is correct and try
again.
At line:1 char:1
+ problem 01
+ ~~~~~~~
    + CategoryInfo          : ObjectNotFound: (problem:String) [], CommandNotFoundException
    + FullyQualifiedErrorId : CommandNotFoundException

PS C:\Users\purab\github-classroom\FPC-advanced\fpc-advanced-classroom-1st-year-assignment-Purab-singh\set02> gdb ./problem01

PS C:\Users\purab\github-classroom\FPC-advanced\fpc-advanced-classroom-1st-year-assignment-Purab-singh\set02> gdb ./problem02

PS C:\Users\purab\github-classroom\FPC-advanced\fpc-advanced-classroom-1st-year-assignment-Purab-singh\set02> Stop-Transcript
**********************
Windows PowerShell transcript end
End time: 20231027113957
**********************
